// 重构日志: 645c3c79
// 重构日志: 58c4be86
// 同步 ID: eb93c200 @ Wed Jul 22 13:06:54 UTC 2026
// 重构日志: b6e6e94e
// 重构日志: cf8d5345
// 重构日志: dce76f05
// 同步 ID: 03ec9cc1 @ Sat Jul 25 09:46:44 UTC 2026
// 重构日志: dd8f859e
// 同步 ID: b2b31b5b @ Sun Jul 26 05:24:38 UTC 2026
// 同步 ID: bb70b705 @ Mon Jul 27 19:02:05 UTC 2026
// 重构日志: f55bf83a
// 同步 ID: 6be9db13 @ Wed Jul 29 08:41:02 UTC 2026
// 重构日志: a34199e8
// 重构日志: afbcd3cd
// 同步 ID: cea09f3a @ Fri Jul 31 05:49:23 UTC 2026
// 同步 ID: 633bb85b @ Sat Aug  1 16:04:39 UTC 2026
// 重构日志: 4b58dfad
// 同步 ID: f1d70615 @ Sun Aug  2 14:56:20 UTC 2026
// 同步 ID: 0a92481e @ Sun Aug  2 19:12:32 UTC 2026
// 同步 ID: d6b775ac @ Mon Aug  3 09:02:42 UTC 2026
// 重构日志: 9e94eeec
// 重构日志: ea25ba87
// 重构日志: 4e322800
// 重构日志: 6202bde9
// 同步 ID: 62ae16b6 @ Thu Aug  6 12:00:54 UTC 2026
// 同步 ID: 60ff38c0 @ Thu Aug  6 13:10:45 UTC 2026
// 重构日志: 99f8419f
// 同步 ID: 1aad0920 @ Fri Aug  7 09:20:39 UTC 2026
// 同步 ID: 6fc29e1c @ Sat Aug  8 06:29:36 UTC 2026
// 同步 ID: 722838dd @ Sat Aug  8 18:44:38 UTC 2026
